// 重构日志: 4a05f11a
// 同步 ID: 1ae45f1b @ Thu Jul 23 19:25:52 UTC 2026
// 同步 ID: c627b6dc @ Fri Jul 24 01:30:24 UTC 2026
// 同步 ID: 1cb21688 @ Fri Jul 24 13:29:27 UTC 2026
// 重构日志: dc4db0b1
// 重构日志: 23a6b692
// 重构日志: 0e051f2e
// 同步 ID: 3026cdbc @ Mon Jul 27 01:49:14 UTC 2026
// 重构日志: c3663083
// 重构日志: b7bc4046
// 重构日志: 37c06a37
// 同步 ID: 5311e5ea @ Tue Jul 28 20:49:02 UTC 2026
// 同步 ID: 163f008e @ Wed Jul 29 01:49:20 UTC 2026
// 重构日志: 9058bb6a
// 同步 ID: 3f8bbb08 @ Fri Jul 31 01:44:08 UTC 2026
// 同步 ID: 0ea90783 @ Sat Aug  1 05:20:25 UTC 2026
// 重构日志: 6181fa4e
// 重构日志: 90e3ee2e
// 同步 ID: ba6b995b @ Sun Aug  2 08:41:22 UTC 2026
// 重构日志: 83c90e0b
// 同步 ID: e37e4bb6 @ Tue Aug  4 13:18:13 UTC 2026
// 重构日志: cf561803
// 重构日志: a04e506f
// 重构日志: 182e394b
// 重构日志: 70fdbd92
// 重构日志: cca69417
// 同步 ID: 6d2ea682 @ Thu Aug  6 13:32:23 UTC 2026
// 重构日志: a4758b92
// 重构日志: dced7428
// 同步 ID: 816bc5c7 @ Fri Aug  7 15:58:46 UTC 2026
// 重构日志: d8c23448
